[36mvite v7.3.1 [32mbuilding client environment for development...[36m[39m
transforming...
[32mΓ£ô[39m 2168 modules transformed.
node.exe : [31mΓ£ù[39m Build failed in 2.29s
At line:1 char:1
+ & "C:\Program Files\nodejs/node.exe" 
"C:\Users\asmit\AppData\Roaming\ ...
+ ~~~~~~~~~~~~~~~~~~~~~~~~~~~~~~~~~~~~~~~~~~~~~~~
~~~~~~~~~~~~~~~~~~~~~~
    + CategoryInfo          : NotSpecified: ([3 
   1mΓ£ù[39m Build failed in 2.29s:String) [],  
   RemoteException
    + FullyQualifiedErrorId : NativeCommandError
 
[31merror during build:
[31msrc/App.jsx (7:9): "Layout" is not exported 
by "src/components/layout/Layout.jsx", imported 
by "src/App.jsx".[31m
file: 
[36mD:/vegaerp/frontend/src/App.jsx:7:9[31m
[33m
5: 
6: // Student Layout & Pages
7: import { Layout } from 
"./components/layout/Layout";
            ^
8: import Dashboard from "./pages/Dashboard";
9: import Profile from "./pages/Profile";
[31m
    at getRollupError (file:///D:/vegaerp/fronten
d/node_modules/rollup/dist/es/shared/parseAst.js:
402:41)
    at error (file:///D:/vegaerp/frontend/node_mo
dules/rollup/dist/es/shared/parseAst.js:398:42)
    at Module.error (file:///D:/vegaerp/frontend/
node_modules/rollup/dist/es/shared/node-entry.js:
17040:16)
    at Module.traceVariable (file:///D:/vegaerp/f
rontend/node_modules/rollup/dist/es/shared/node-e
ntry.js:17452:29)
    at ModuleScope.findVariable (file:///D:/vegae
rp/frontend/node_modules/rollup/dist/es/shared/no
de-entry.js:15070:39)
    at FunctionScope.findVariable (file:///D:/veg
aerp/frontend/node_modules/rollup/dist/es/shared/
node-entry.js:5673:38)
    at FunctionBodyScope.findVariable (file:///D:
/vegaerp/frontend/node_modules/rollup/dist/es/sha
red/node-entry.js:5673:38)
    at Identifier.bind (file:///D:/vegaerp/fronte
nd/node_modules/rollup/dist/es/shared/node-entry.
js:5447:40)
    at CallExpression.bind (file:///D:/vegaerp/fr
ontend/node_modules/rollup/dist/es/shared/node-en
try.js:2825:28)
    at CallExpression.bind (file:///D:/vegaerp/fr
ontend/node_modules/rollup/dist/es/shared/node-en
try.js:12179:15)[39m
